IP Generation Report
Fri Apr 10 23:28:46 2026
Quartus Prime Version 25.3.1 Build 100 12/19/2025 Patches 1.02 SC Pro Edition


---------------------
; Table of Contents ;
---------------------
  1. Settings
  2. IP Summary
  3. Generation Stages



+------------------------------------------------+
; Settings                                       ;
+------------------------+-----------------------+
; Option                 ; Setting               ;
+------------------------+-----------------------+
; IP Regeneration Policy ; Always Regenerate IPs ;
; Parallel Enabled       ; true                  ;
; Processes Spawned      ; 3                     ;
+------------------------+-----------------------+


+-----------------------------------------------------------------------+
; IP Summary                                                            ;
+----------------------------------------------------+------------------+
; IP File                                            ; Elapsed Time (s) ;
+----------------------------------------------------+------------------+
; D:/altera/ECE641/ECE641_Project3/V/AUDIO_PLL.ip    ; 1.851            ;
; D:/altera/ECE641/ECE641_Project3/V/ResetRelease.ip ; 0.74             ;
; D:/altera/ECE641/ECE641_Project3/V/VEDIO_PLL.ip    ; 1.845            ;
+----------------------------------------------------+------------------+


+------------------------------------+
; Generation Stages                  ;
+-----------------+------------------+
; Stage           ; Elapsed Time (s) ;
+-----------------+------------------+
; Qsys Validation ; 0.0              ;
; Qsys Generation ; 29.792           ;
+-----------------+------------------+


